docker :  Image jobportal-frontend Building 
At line:1 char:1
+ docker compose --profile dev build frontend 2>&1 | Tee-Object -FilePa ...
+ ~~~~~~~~~~~~~~~~~~~~~~~~~~~~~~~~~~~~~~~~~~~~~~~~
    + CategoryInfo          : NotSpecified: ( Image jobportal-frontend Buildin 
   g :String) [], RemoteException
    + FullyQualifiedErrorId : NativeCommandError
 
 Image jobportal-db Building 
 Image jobportal-api Building 
failed to connect to the docker API at 
npipe:////./pipe/dockerDesktopLinuxEngine; check if the path is correct and if 
the daemon is running: open //./pipe/dockerDesktopLinuxEngine: The system 
cannot find the file specified.

